// Jest Snapshot v1, https://goo.gl/fbAQLP

exports[`config load with config should return the config and plugins to load 1`] = `
Object {
  "all": [Function],
  "has": [Function],
  "why": [Function],
}
`;

exports[`config load with config should return the config and plugins to load 2`] = `
Array [
  Object {
    "name": "../modules/a.js",
    "options": Object {},
    "owner": Object {
      "root": true,
    },
    "plugin": [Function],
    "type": "plugin",
  },
]
`;
